Archive member included to satisfy reference by file (symbol)

C:/ST/STM32CubeIDE_1.4.0/STM32CubeIDE/plugins/com.st.stm32cube.ide.mcu.externaltools.gnu-tools-for-stm32.13.3.rel1.win32_1.0.0.202411081344/tools/bin/../lib/gcc/arm-none-eabi/13.3.1/../../../../arm-none-eabi/lib/thumb/v7-m/nofp\libc_nano.a(libc_a-exit.o)
                              C:/ST/STM32CubeIDE_1.4.0/STM32CubeIDE/plugins/com.st.stm32cube.ide.mcu.externaltools.gnu-tools-for-stm32.13.3.rel1.win32_1.0.0.202411081344/tools/bin/../lib/gcc/arm-none-eabi/13.3.1/../../../../arm-none-eabi/lib/thumb/v7-m/nofp/crt0.o (exit)
C:/ST/STM32CubeIDE_1.4.0/STM32CubeIDE/plugins/com.st.stm32cube.ide.mcu.externaltools.gnu-tools-for-stm32.13.3.rel1.win32_1.0.0.202411081344/tools/bin/../lib/gcc/arm-none-eabi/13.3.1/../../../../arm-none-eabi/lib/thumb/v7-m/nofp\libc_nano.a(libc_a-findfp.o)
                              C:/ST/STM32CubeIDE_1.4.0/STM32CubeIDE/plugins/com.st.stm32cube.ide.mcu.externaltools.gnu-tools-for-stm32.13.3.rel1.win32_1.0.0.202411081344/tools/bin/../lib/gcc/arm-none-eabi/13.3.1/../../../../arm-none-eabi/lib/thumb/v7-m/nofp\libc_nano.a(libc_a-exit.o) (__stdio_exit_handler)
C:/ST/STM32CubeIDE_1.4.0/STM32CubeIDE/plugins/com.st.stm32cube.ide.mcu.externaltools.gnu-tools-for-stm32.13.3.rel1.win32_1.0.0.202411081344/tools/bin/../lib/gcc/arm-none-eabi/13.3.1/../../../../arm-none-eabi/lib/thumb/v7-m/nofp\libc_nano.a(libc_a-fwalk.o)
                              C:/ST/STM32CubeIDE_1.4.0/STM32CubeIDE/plugins/com.st.stm32cube.ide.mcu.externaltools.gnu-tools-for-stm32.13.3.rel1.win32_1.0.0.202411081344/tools/bin/../lib/gcc/arm-none-eabi/13.3.1/../../../../arm-none-eabi/lib/thumb/v7-m/nofp\libc_nano.a(libc_a-findfp.o) (_fwalk_sglue)
C:/ST/STM32CubeIDE_1.4.0/STM32CubeIDE/plugins/com.st.stm32cube.ide.mcu.externaltools.gnu-tools-for-stm32.13.3.rel1.win32_1.0.0.202411081344/tools/bin/../lib/gcc/arm-none-eabi/13.3.1/../../../../arm-none-eabi/lib/thumb/v7-m/nofp\libc_nano.a(libc_a-stdio.o)
                              C:/ST/STM32CubeIDE_1.4.0/STM32CubeIDE/plugins/com.st.stm32cube.ide.mcu.externaltools.gnu-tools-for-stm32.13.3.rel1.win32_1.0.0.202411081344/tools/bin/../lib/gcc/arm-none-eabi/13.3.1/../../../../arm-none-eabi/lib/thumb/v7-m/nofp\libc_nano.a(libc_a-findfp.o) (__sread)
C:/ST/STM32CubeIDE_1.4.0/STM32CubeIDE/plugins/com.st.stm32cube.ide.mcu.externaltools.gnu-tools-for-stm32.13.3.rel1.win32_1.0.0.202411081344/tools/bin/../lib/gcc/arm-none-eabi/13.3.1/../../../../arm-none-eabi/lib/thumb/v7-m/nofp\libc_nano.a(libc_a-memset.o)
                              C:/ST/STM32CubeIDE_1.4.0/STM32CubeIDE/plugins/com.st.stm32cube.ide.mcu.externaltools.gnu-tools-for-stm32.13.3.rel1.win32_1.0.0.202411081344/tools/bin/../lib/gcc/arm-none-eabi/13.3.1/../../../../arm-none-eabi/lib/thumb/v7-m/nofp/crt0.o (memset)
C:/ST/STM32CubeIDE_1.4.0/STM32CubeIDE/plugins/com.st.stm32cube.ide.mcu.externaltools.gnu-tools-for-stm32.13.3.rel1.win32_1.0.0.202411081344/tools/bin/../lib/gcc/arm-none-eabi/13.3.1/../../../../arm-none-eabi/lib/thumb/v7-m/nofp\libc_nano.a(libc_a-closer.o)
                              C:/ST/STM32CubeIDE_1.4.0/STM32CubeIDE/plugins/com.st.stm32cube.ide.mcu.externaltools.gnu-tools-for-stm32.13.3.rel1.win32_1.0.0.202411081344/tools/bin/../lib/gcc/arm-none-eabi/13.3.1/../../../../arm-none-eabi/lib/thumb/v7-m/nofp\libc_nano.a(libc_a-stdio.o) (_close_r)
C:/ST/STM32CubeIDE_1.4.0/STM32CubeIDE/plugins/com.st.stm32cube.ide.mcu.externaltools.gnu-tools-for-stm32.13.3.rel1.win32_1.0.0.202411081344/tools/bin/../lib/gcc/arm-none-eabi/13.3.1/../../../../arm-none-eabi/lib/thumb/v7-m/nofp\libc_nano.a(libc_a-reent.o)
                              C:/ST/STM32CubeIDE_1.4.0/STM32CubeIDE/plugins/com.st.stm32cube.ide.mcu.externaltools.gnu-tools-for-stm32.13.3.rel1.win32_1.0.0.202411081344/tools/bin/../lib/gcc/arm-none-eabi/13.3.1/../../../../arm-none-eabi/lib/thumb/v7-m/nofp\libc_nano.a(libc_a-closer.o) (errno)
C:/ST/STM32CubeIDE_1.4.0/STM32CubeIDE/plugins/com.st.stm32cube.ide.mcu.externaltools.gnu-tools-for-stm32.13.3.rel1.win32_1.0.0.202411081344/tools/bin/../lib/gcc/arm-none-eabi/13.3.1/../../../../arm-none-eabi/lib/thumb/v7-m/nofp\libc_nano.a(libc_a-impure.o)
                              C:/ST/STM32CubeIDE_1.4.0/STM32CubeIDE/plugins/com.st.stm32cube.ide.mcu.externaltools.gnu-tools-for-stm32.13.3.rel1.win32_1.0.0.202411081344/tools/bin/../lib/gcc/arm-none-eabi/13.3.1/../../../../arm-none-eabi/lib/thumb/v7-m/nofp\libc_nano.a(libc_a-reent.o) (_impure_ptr)
C:/ST/STM32CubeIDE_1.4.0/STM32CubeIDE/plugins/com.st.stm32cube.ide.mcu.externaltools.gnu-tools-for-stm32.13.3.rel1.win32_1.0.0.202411081344/tools/bin/../lib/gcc/arm-none-eabi/13.3.1/../../../../arm-none-eabi/lib/thumb/v7-m/nofp\libc_nano.a(libc_a-lseekr.o)
[...]
Memory Configuration

Name             Origin             Length             Attributes
RAM              0x20000000         0x00002800         xrw
FLASH            0x08000000         0x00008000         xr
*default*        0x00000000         0xffffffff

Linker script and memory map

LOAD C:/ST/STM32CubeIDE_1.4.0/STM32CubeIDE/plugins/com.st.stm32cube.ide.mcu.externaltools.gnu-tools-for-stm32.13.3.rel1.win32_1.0.0.202411081344/tools/bin/../lib/gcc/arm-none-eabi/13.3.1/thumb/v7-m/nofp/crti.o
LOAD C:/ST/STM32CubeIDE_1.4.0/STM32CubeIDE/plugins/com.st.stm32cube.ide.mcu.externaltools.gnu-tools-for-stm32.13.3.rel1.win32_1.0.0.202411081344/tools/bin/../lib/gcc/arm-none-eabi/13.3.1/thumb/v7-m/nofp/crtbegin.o
LOAD C:/ST/STM32CubeIDE_1.4.0/STM32CubeIDE/plugins/com.st.stm32cube.ide.mcu.externaltools.gnu-tools-for-stm32.13.3.rel1.win32_1.0.0.202411081344/tools/bin/../lib/gcc/arm-none-eabi/13.3.1/../../../../arm-none-eabi/lib/thumb/v7-m/nofp/crt0.o
LOAD ./STM32_F103C6_Drivers/I2C_Slave_EEPROM.o
LOAD ./STM32_F103C6_Drivers/Stm32_F103C6_EXTI_driver.o
LOAD ./STM32_F103C6_Drivers/Stm32_F103C6_I2C_driver.o
LOAD ./STM32_F103C6_Drivers/Stm32_F103C6_RCC_driver.o
LOAD ./STM32_F103C6_Drivers/Stm32_F103C6_SPI_driver.o
LOAD ./STM32_F103C6_Drivers/Stm32_F103C6_USART_driver.o
LOAD ./STM32_F103C6_Drivers/Stm32_F103C6_gpio_driver.o
LOAD ./STM32_F103C6_Drivers/Keypad_Driver/keypad.o
LOAD ./STM32_F103C6_Drivers/LCD_Driver/lcd.o
LOAD ./Src/main.o
LOAD ./Src/syscalls.o
LOAD ./Src/sysmem.o
LOAD ./Startup/startup_stm32f103c6tx.o
START GROUP
LOAD C:/ST/STM32CubeIDE_1.4.0/STM32CubeIDE/plugins/com.st.stm32cube.ide.mcu.externaltools.gnu-tools-for-stm32.13.3.rel1.win32_1.0.0.202411081344/tools/bin/../lib/gcc/arm-none-eabi/13.3.1/../../../../arm-none-eabi/lib/thumb/v7-m/nofp\libc_nano.a
LOAD C:/ST/STM32CubeIDE_1.4.0/STM32CubeIDE/plugins/com.st.stm32cube.ide.mcu.externaltools.gnu-tools-for-stm32.13.3.rel1.win32_1.0.0.202411081344/tools/bin/../lib/gcc/arm-none-eabi/13.3.1/../../../../arm-none-eabi/lib/thumb/v7-m/nofp\libm.a
END GROUP
START GROUP
LOAD C:/ST/STM32CubeIDE_1.4.0/STM32CubeIDE/plugins/com.st.stm32cube.ide.mcu.externaltools.gnu-tools-for-stm32.13.3.rel1.win32_1.0.0.202411081344/tools/bin/../lib/gcc/arm-none-eabi/13.3.1/thumb/v7-m/nofp\libgcc.a
LOAD C:/ST/STM32CubeIDE_1.4.0/STM32CubeIDE/plugins/com.st.stm32cube.ide.mcu.externaltools.gnu-tools-for-stm32.13.3.rel1.win32_1.0.0.202411081344/tools/bin/../lib/gcc/arm-none-eabi/13.3.1/../../../../arm-none-eabi/lib/thumb/v7-m/nofp\libg_nano.a
LOAD C:/ST/STM32CubeIDE_1.4.0/STM32CubeIDE/plugins/com.st.stm32cube.ide.mcu.externaltools.gnu-tools-for-stm32.13.3.rel1.win32_1.0.0.202411081344/tools/bin/../lib/gcc/arm-none-eabi/13.3.1/../../../../arm-none-eabi/lib/thumb/v7-m/nofp\libc_nano.a
END GROUP
START GROUP
LOAD C:/ST/STM32CubeIDE_1.4.0/STM32CubeIDE/plugins/com.st.stm32cube.ide.mcu.externaltools.gnu-tools-for-stm32.13.3.rel1.win32_1.0.0.202411081344/tools/bin/../lib/gcc/arm-none-eabi/13.3.1/thumb/v7-m/nofp\libgcc.a
LOAD C:/ST/STM32CubeIDE_1.4.0/STM32CubeIDE/plugins/com.st.stm32cube.ide.mcu.externaltools.gnu-tools-for-stm32.13.3.rel1.win32_1.0.0.202411081344/tools/bin/../lib/gcc/arm-none-eabi/13.3.1/../../../../arm-none-eabi/lib/thumb/v7-m/nofp\libc_nano.a
LOAD C:/ST/STM32CubeIDE_1.4.0/STM32CubeIDE/plugins/com.st.stm32cube.ide.mcu.externaltools.gnu-tools-for-stm32.13.3.rel1.win32_1.0.0.202411081344/tools/bin/../lib/gcc/arm-none-eabi/13.3.1/../../../../arm-none-eabi/lib/thumb/v7-m/nofp\libnosys.a
END GROUP
START GROUP
LOAD C:/ST/STM32CubeIDE_1.4.0/STM32CubeIDE/plugins/com.st.stm32cube.ide.mcu.externaltools.gnu-tools-for-stm32.13.3.rel1.win32_1.0.0.202411081344/tools/bin/../lib/gcc/arm-none-eabi/13.3.1/thumb/v7-m/nofp\libgcc.a
LOAD C:/ST/STM32CubeIDE_1.4.0/STM32CubeIDE/plugins/com.st.stm32cube.ide.mcu.externaltools.gnu-tools-for-stm32.13.3.rel1.win32_1.0.0.202411081344/tools/bin/../lib/gcc/arm-none-eabi/13.3.1/../../../../arm-none-eabi/lib/thumb/v7-m/nofp\libc_nano.a
LOAD C:/ST/STM32CubeIDE_1.4.0/STM32CubeIDE/plugins/com.st.stm32cube.ide.mcu.externaltools.gnu-tools-for-stm32.13.3.rel1.win32_1.0.0.202411081344/tools/bin/../lib/gcc/arm-none-eabi/13.3.1/../../../../arm-none-eabi/lib/thumb/v7-m/nofp\libnosys.a
END GROUP
LOAD C:/ST/STM32CubeIDE_1.4.0/STM32CubeIDE/plugins/com.st.stm32cube.ide.mcu.externaltools.gnu-tools-for-stm32.13.3.rel1.win32_1.0.0.202411081344/tools/bin/../lib/gcc/arm-none-eabi/13.3.1/thumb/v7-m/nofp/crtend.o
LOAD C:/ST/STM32CubeIDE_1.4.0/STM32CubeIDE/plugins/com.st.stm32cube.ide.mcu.externaltools.gnu-tools-for-stm32.13.3.rel1.win32_1.0.0.202411081344/tools/bin/../lib/gcc/arm-none-eabi/13.3.1/thumb/v7-m/nofp/crtn.o
                0x20002800                        _estack = (ORIGIN (RAM) + LENGTH (RAM))
                0x00000200                        _Min_Heap_Size = 0x200
                0x00000400                        _Min_Stack_Size = 0x400

.isr_vector     0x08000000      0x130
                0x08000000                        . = ALIGN (0x4)
 *(.isr_vector)
 .isr_vector    0x08000000      0x130 ./Startup/startup_stm32f103c6tx.o
                0x08000000                g_pfnVectors
                0x08000130                        . = ALIGN (0x4)

.text           0x08000130     0x117c
                0x08000130                        . = ALIGN (0x4)
 *(.text)
 .text          0x08000130       0x40 C:/ST/STM32CubeIDE_1.4.0/STM32CubeIDE/plugins/com.st.stm32cube.ide.mcu.externaltools.gnu-tools-for-stm32.13.3.rel1.win32_1.0.0.202411081344/tools/bin/../lib/gcc/arm-none-eabi/13.3.1/thumb/v7-m/nofp/crtbegin.o
 *(.text*)
 .text.eeprom_init
                0x08000170       0x40 ./STM32_F103C6_Drivers/I2C_Slave_EEPROM.o
                0x08000170                eeprom_init
 .text.eeprom_write_Nbytes
                0x080001b0       0xd4 ./STM32_F103C6_Drivers/I2C_Slave_EEPROM.o
                0x080001b0                eeprom_write_Nbytes
 .text.eeprom_read_byte
                0x08000284       0x54 ./STM32_F103C6_Drivers/I2C_Slave_EEPROM.o
                0x08000284                eeprom_read_byte
 .text.EXTI0_IRQHandler
                0x080002d8       0x24 ./STM32_F103C6_Drivers/Stm32_F103C6_EXTI_driver.o
                0x080002d8                EXTI0_IRQHandler
 .text.EXTI1_IRQHandler
                0x080002fc       0x24 ./STM32_F103C6_Drivers/Stm32_F103C6_EXTI_driver.o
                0x080002fc                EXTI1_IRQHandler
 .text.EXTI2_IRQHandler
                0x08000320       0x24 ./STM32_F103C6_Drivers/Stm32_F103C6_EXTI_driver.o
                0x08000320                EXTI2_IRQHandler
 .text.EXTI3_IRQHandler
                0x08000344       0x24 ./STM32_F103C6_Drivers/Stm32_F103C6_EXTI_driver.o
                0x08000344                EXTI3_IRQHandler
 .text.EXTI4_IRQHandler
                0x08000368       0x24 ./STM32_F103C6_Drivers/Stm32_F103C6_EXTI_driver.o
                0x08000368                EXTI4_IRQHandler
 .text.EXTI9_5_IRQHandler
                0x0800038c       0xa8 ./STM32_F103C6_Drivers/Stm32_F103C6_EXTI_driver.o
                0x0800038c                EXTI9_5_IRQHandler
 .text.EXTI15_10_IRQHandler
                0x08000434       0xc4 ./STM32_F103C6_Drivers/Stm32_F103C6_EXTI_driver.o
                0x08000434                EXTI15_10_IRQHandler
 .text.MCAL_I2C_Init
                0x080004f8      0x218 ./STM32_F103C6_Drivers/Stm32_F103C6_I2C_driver.o
                0x080004f8                MCAL_I2C_Init
 .text.MCAL_I2C_GPIO_Set_Pins
                0x08000710       0x94 ./STM32_F103C6_Drivers/Stm32_F103C6_I2C_driver.o
                0x08000710                MCAL_I2C_GPIO_Set_Pins
 .text.MCAL_I2C_Master_TX
                0x080007a4       0xaa ./STM32_F103C6_Drivers/Stm32_F103C6_I2C_driver.o
                0x080007a4                MCAL_I2C_Master_TX
 .text.I2C_SendAddress
                0x0800084e       0x3e ./STM32_F103C6_Drivers/Stm32_F103C6_I2C_driver.o
                0x0800084e                I2C_SendAddress
 .text.I2C_GenerateStart
                0x0800088c       0x4e ./STM32_F103C6_Drivers/Stm32_F103C6_I2C_driver.o
                0x0800088c                I2C_GenerateStart
 .text.I2C_GenerateSTOP
                0x080008da       0x42 ./STM32_F103C6_Drivers/Stm32_F103C6_I2C_driver.o
                0x080008da                I2C_GenerateSTOP
 .text.I2C_GetFlagStatus
                0x0800091c      0x10c ./STM32_F103C6_Drivers/Stm32_F103C6_I2C_driver.o
                0x0800091c                I2C_GetFlagStatus
 .text.MCAL_I2C_Master_RX
                0x08000a28      0x100 ./STM32_F103C6_Drivers/Stm32_F103C6_I2C_driver.o
                0x08000a28                MCAL_I2C_Master_RX
 .text.I2C1_EV_IRQHandler
                0x08000b28       0xbc ./STM32_F103C6_Drivers/Stm32_F103C6_I2C_driver.o
                0x08000b28                I2C1_EV_IRQHandler
 .text.I2C1_ER_IRQHandler
                0x08000be4        0xc ./STM32_F103C6_Drivers/Stm32_F103C6_I2C_driver.o
                0x08000be4                I2C1_ER_IRQHandler
 .text.Slave_States
                0x08000bf0       0xe0 ./STM32_F103C6_Drivers/Stm32_F103C6_I2C_driver.o
                0x08000bf0                Slave_States
 .text.I2C_AcknowledgeConfig
                0x08000cd0       0x36 ./STM32_F103C6_Drivers/Stm32_F103C6_I2C_driver.o
                0x08000cd0                I2C_AcknowledgeConfig
 *fill*         0x08000d06        0x2 
 .text.MCAL_RCC_GetSYS_CLKFreq
                0x08000d08       0x44 ./STM32_F103C6_Drivers/Stm32_F103C6_RCC_driver.o
                0x08000d08                MCAL_RCC_GetSYS_CLKFreq
 .text.MCAL_RCC_GetHCLKFreq
                0x08000d4c       0x28 ./STM32_F103C6_Drivers/Stm32_F103C6_RCC_driver.o
                0x08000d4c                MCAL_RCC_GetHCLKFreq
 .text.MCAL_RCC_GetPCLK1Freq
                0x08000d74       0x28 ./STM32_F103C6_Drivers/Stm32_F103C6_RCC_driver.o
                0x08000d74                MCAL_RCC_GetPCLK1Freq
 .text.SPI1_IRQHandler
                0x08000d9c       0x5c ./STM32_F103C6_Drivers/Stm32_F103C6_SPI_driver.o
                0x08000d9c                SPI1_IRQHandler
 .text.SPI2_IRQHandler
                0x08000df8       0x5c ./STM32_F103C6_Drivers/Stm32_F103C6_SPI_driver.o
                0x08000df8                SPI2_IRQHandler
 .text.USART1_IRQHandler
                0x08000e54       0x30 ./STM32_F103C6_Drivers/Stm32_F103C6_USART_driver.o
                0x08000e54                USART1_IRQHandler
 .text.USART2_IRQHandler
                0x08000e84       0x30 ./STM32_F103C6_Drivers/Stm32_F103C6_USART_driver.o
                0x08000e84                USART2_IRQHandler
 .text.USART3_IRQHandler
                0x08000eb4       0x30 ./STM32_F103C6_Drivers/Stm32_F103C6_USART_driver.o
                0x08000eb4                USART3_IRQHandler
 .text.Get_PinPostion
                0x08000ee4      0x144 ./STM32_F103C6_Drivers/Stm32_F103C6_gpio_driver.o
                0x08000ee4                Get_PinPostion
 .text.MCAL_GPIO_Init
                0x08001028      0x102 ./STM32_F103C6_Drivers/Stm32_F103C6_gpio_driver.o
                0x08001028                MCAL_GPIO_Init
 .text.simple_delay
                0x0800112a       0x20 ./Src/main.o
                0x0800112a                simple_delay
 *fill*         0x0800114a        0x2 
 .text.main     0x0800114c       0xac ./Src/main.o
                0x0800114c                main
 .text.Reset_Handler
                0x080011f8       0x50 ./Startup/startup_stm32f103c6tx.o
                0x080011f8                Reset_Handler
 .text.Default_Handler
                0x08001248        0x2 ./Startup/startup_stm32f103c6tx.o
                0x08001248                TIM8_TRG_COM_IRQHandler
                0x08001248                TIM8_CC_IRQHandler
                0x08001248                DebugMon_Handler
                0x08001248                TIM1_CC_IRQHandler
                0x08001248                HardFault_Handler
                0x08001248                TIM6_IRQHandler
                0x08001248                SysTick_Handler
                0x08001248                PVD_IRQHandler
                0x08001248                SDIO_IRQHandler
                0x08001248                PendSV_Handler
                0x08001248                NMI_Handler
                0x08001248                USB_HP_CAN_TX_IRQHandler
                0x08001248                I2C2_EV_IRQHandler
                0x08001248                UsageFault_Handler
                0x08001248                ADC1_2_IRQHandler
                0x08001248                CAN_SCE_IRQHandler
                0x08001248                TAMPER_IRQHandler
                0x08001248                TIM8_UP_IRQHandler
                0x08001248                DMA2_Channel2_IRQHandler
                0x08001248                DMA1_Channel4_IRQHandler
                0x08001248                RTC_IRQHandler
                0x08001248                DMA1_Channel7_IRQHandler
                0x08001248                UART5_IRQHandler
                0x08001248                ADC3_IRQHandler
                0x08001248                TIM4_IRQHandler
                0x08001248                CAN_RX1_IRQHandler
                0x08001248                DMA2_Channel1_IRQHandler
                0x08001248                DMA1_Channel6_IRQHandler
                0x08001248                UART4_IRQHandler
                0x08001248                TIM3_IRQHandler
                0x08001248                RCC_IRQHandler
                0x08001248                TIM1_TRG_COM_IRQHandler
                0x08001248                DMA1_Channel1_IRQHandler
                0x08001248                Default_Handler
                0x08001248                TIM7_IRQHandler
                0x08001248                TIM5_IRQHandler
                0x08001248                USB_LP_CAN_RX0_IRQHandler
                0x08001248                MemManage_Handler
                0x08001248                SVC_Handler
                0x08001248                DMA1_Channel5_IRQHandler
                0x08001248                DMA1_Channel3_IRQHandler
                0x08001248                FSMC_IRQHandler
                0x08001248                TIM1_UP_IRQHandler
                0x08001248                WWDG_IRQHandler
                0x08001248                TIM2_IRQHandler
                0x08001248                TIM1_BRK_IRQHandler
                0x08001248                RTCAlarm_IRQHandler
                0x08001248                DMA2_Channel4_5_IRQHandler
                0x08001248                I2C2_ER_IRQHandler
                0x08001248                DMA1_Channel2_IRQHandler
                0x08001248                TIM8_BRK_IRQHandler
                0x08001248                FLASH_IRQHandler
                0x08001248                BusFault_Handler
                0x08001248                SPI3_IRQHandler
                0x08001248                DMA2_Channel3_IRQHandler
 *fill*         0x0800124a        0x2 
 .text.__libc_init_array
                0x0800124c       0x48 C:/ST/STM32CubeIDE_1.4.0/STM32CubeIDE/plugins/com.st.stm32cube.ide.mcu.externaltools.gnu-tools-for-stm32.13.3.rel1.win32_1.0.0.202411081344/tools/bin/../lib/gcc/arm-none-eabi/13.3.1/../../../../arm-none-eabi/lib/thumb/v7-m/nofp\libc_nano.a(libc_a-init.o)
                0x0800124c                __libc_init_array
 *(.glue_7)
 .glue_7        0x08001294        0x0 linker stubs
 *(.glue_7t)
 .glue_7t       0x08001294        0x0 linker stubs
 *(.eh_frame)
 .eh_frame      0x08001294        0x0 C:/ST/STM32CubeIDE_1.4.0/STM32CubeIDE/plugins/com.st.stm32cube.ide.mcu.externaltools.gnu-tools-for-stm32.13.3.rel1.win32_1.0.0.202411081344/tools/bin/../lib/gcc/arm-none-eabi/13.3.1/thumb/v7-m/nofp/crtbegin.o
 *(.init)
 .init          0x08001294        0x4 C:/ST/STM32CubeIDE_1.4.0/STM32CubeIDE/plugins/com.st.stm32cube.ide.mcu.externaltools.gnu-tools-for-stm32.13.3.rel1.win32_1.0.0.202411081344/tools/bin/../lib/gcc/arm-none-eabi/13.3.1/thumb/v7-m/nofp/crti.o
                0x08001294                _init
 .init          0x08001298        0x8 C:/ST/STM32CubeIDE_1.4.0/STM32CubeIDE/plugins/com.st.stm32cube.ide.mcu.externaltools.gnu-tools-for-stm32.13.3.rel1.win32_1.0.0.202411081344/tools/bin/../lib/gcc/arm-none-eabi/13.3.1/thumb/v7-m/nofp/crtn.o
 *(.fini)
 .fini          0x080012a0        0x4 C:/ST/STM32CubeIDE_1.4.0/STM32CubeIDE/plugins/com.st.stm32cube.ide.mcu.externaltools.gnu-tools-for-stm32.13.3.rel1.win32_1.0.0.202411081344/tools/bin/../lib/gcc/arm-none-eabi/13.3.1/thumb/v7-m/nofp/crti.o
                0x080012a0                _fini
 .fini          0x080012a4        0x8 C:/ST/STM32CubeIDE_1.4.0/STM32CubeIDE/plugins/com.st.stm32cube.ide.mcu.externaltools.gnu-tools-for-stm32.13.3.rel1.win32_1.0.0.202411081344/tools/bin/../lib/gcc/arm-none-eabi/13.3.1/thumb/v7-m/nofp/crtn.o
                0x080012ac                        . = ALIGN (0x4)
                0x080012ac                        _etext = .

.vfp11_veneer   0x080012ac        0x0
 .vfp11_veneer  0x080012ac        0x0 linker stubs

.v4_bx          0x080012ac        0x0
 .v4_bx         0x080012ac        0x0 linker stubs

.iplt           0x080012ac        0x0
 .iplt          0x080012ac        0x0 C:/ST/STM32CubeIDE_1.4.0/STM32CubeIDE/plugins/com.st.stm32cube.ide.mcu.externaltools.gnu-tools-for-stm32.13.3.rel1.win32_1.0.0.202411081344/tools/bin/../lib/gcc/arm-none-eabi/13.3.1/thumb/v7-m/nofp/crtbegin.o

.rodata         0x080012ac       0x20
                0x080012ac                        . = ALIGN (0x4)
 *(.rodata)
 .rodata        0x080012ac        0x7 ./Src/main.o
 *(.rodata*)
 *fill*         0x080012b3        0x1 
 .rodata.APBprescTable
                0x080012b4        0x8 ./STM32_F103C6_Drivers/Stm32_F103C6_RCC_driver.o
                0x080012b4                APBprescTable
 .rodata.AHBprescTable
                0x080012bc       0x10 ./STM32_F103C6_Drivers/Stm32_F103C6_RCC_driver.o
                0x080012bc                AHBprescTable
                0x080012cc                        . = ALIGN (0x4)

.ARM.extab      0x080012cc        0x0
                0x080012cc                        . = ALIGN (0x4)
 *(.ARM.extab* .gnu.linkonce.armextab.*)
                0x080012cc                        . = ALIGN (0x4)

.ARM            0x080012cc        0x0
                0x080012cc                        . = ALIGN (0x4)
                0x080012cc                        __exidx_start = .
 *(.ARM.exidx*)
                0x080012cc                        __exidx_end = .
                0x080012cc                        . = ALIGN (0x4)

.preinit_array  0x080012cc        0x0
                0x080012cc                        . = ALIGN (0x4)
                0x080012cc                        PROVIDE (__preinit_array_start = .)
 *(.preinit_array*)
                0x080012cc                        PROVIDE (__preinit_array_end = .)
                0x080012cc                        . = ALIGN (0x4)

.init_array     0x080012cc        0x4
                0x080012cc                        . = ALIGN (0x4)
                0x080012cc                        PROVIDE (__init_array_start = .)
 *(SORT_BY_NAME(.init_array.*))
 *(.init_array*)
 .init_array    0x080012cc        0x4 C:/ST/STM32CubeIDE_1.4.0/STM32CubeIDE/plugins/com.st.stm32cube.ide.mcu.externaltools.gnu-tools-for-stm32.13.3.rel1.win32_1.0.0.202411081344/tools/bin/../lib/gcc/arm-none-eabi/13.3.1/thumb/v7-m/nofp/crtbegin.o
                0x080012d0                        PROVIDE (__init_array_end = .)
                0x080012d0                        . = ALIGN (0x4)

.fini_array     0x080012d0        0x4
                0x080012d0                        . = ALIGN (0x4)
                [!provide]                        PROVIDE (__fini_array_start = .)
 *(SORT_BY_NAME(.fini_array.*))
 *(.fini_array*)
 .fini_array    0x080012d0        0x4 C:/ST/STM32CubeIDE_1.4.0/STM32CubeIDE/plugins/com.st.stm32cube.ide.mcu.externaltools.gnu-tools-for-stm32.13.3.rel1.win32_1.0.0.202411081344/tools/bin/../lib/gcc/arm-none-eabi/13.3.1/thumb/v7-m/nofp/crtbegin.o
                [!provide]                        PROVIDE (__fini_array_end = .)
                0x080012d4                        . = ALIGN (0x4)
                0x080012d4                        _sidata = LOADADDR (.data)

.rel.dyn        0x080012d4        0x0
 .rel.iplt      0x080012d4        0x0 C:/ST/STM32CubeIDE_1.4.0/STM32CubeIDE/plugins/com.st.stm32cube.ide.mcu.externaltools.gnu-tools-for-stm32.13.3.rel1.win32_1.0.0.202411081344/tools/bin/../lib/gcc/arm-none-eabi/13.3.1/thumb/v7-m/nofp/crtbegin.o

.data           0x20000000        0x0 load address 0x080012d4
                0x20000000                        . = ALIGN (0x4)
                0x20000000                        _sdata = .
 *(.data)
 *(.data*)
 *(.RamFunc)
 *(.RamFunc*)
                0x20000000                        . = ALIGN (0x4)
                0x20000000                        _edata = .

.igot.plt       0x20000000        0x0 load address 0x080012d4
 .igot.plt      0x20000000        0x0 C:/ST/STM32CubeIDE_1.4.0/STM32CubeIDE/plugins/com.st.stm32cube.ide.mcu.externaltools.gnu-tools-for-stm32.13.3.rel1.win32_1.0.0.202411081344/tools/bin/../lib/gcc/arm-none-eabi/13.3.1/thumb/v7-m/nofp/crtbegin.o
                0x20000000                        . = ALIGN (0x4)

.bss            0x20000000       0xb4 load address 0x080012d4
                0x20000000                        _sbss = .
                0x20000000                        __bss_start__ = _sbss
 *(.bss)
 .bss           0x20000000       0x1c C:/ST/STM32CubeIDE_1.4.0/STM32CubeIDE/plugins/com.st.stm32cube.ide.mcu.externaltools.gnu-tools-for-stm32.13.3.rel1.win32_1.0.0.202411081344/tools/bin/../lib/gcc/arm-none-eabi/13.3.1/thumb/v7-m/nofp/crtbegin.o
 *(.bss*)
 .bss.GP_IRQ_CallBack
                0x2000001c       0x3c ./STM32_F103C6_Drivers/Stm32_F103C6_EXTI_driver.o
                0x2000001c                GP_IRQ_CallBack
 .bss.Global_I2C_Config
                0x20000058       0x48 ./STM32_F103C6_Drivers/Stm32_F103C6_I2C_driver.o
                0x20000058                Global_I2C_Config
 .bss.Global_SPI_Config
                0x200000a0        0x8 ./STM32_F103C6_Drivers/Stm32_F103C6_SPI_driver.o
                0x200000a0                Global_SPI_Config
 .bss.Global_UART1_Config
                0x200000a8        0x4 ./STM32_F103C6_Drivers/Stm32_F103C6_USART_driver.o
                0x200000a8                Global_UART1_Config
 .bss.Global_UART2_Config
                0x200000ac        0x4 ./STM32_F103C6_Drivers/Stm32_F103C6_USART_driver.o
                0x200000ac                Global_UART2_Config
 .bss.Global_UART3_Config
                0x200000b0        0x4 ./STM32_F103C6_Drivers/Stm32_F103C6_USART_driver.o
                0x200000b0                Global_UART3_Config
 *(COMMON)
                0x200000b4                        . = ALIGN (0x4)
                0x200000b4                        _ebss = .
                0x200000b4                        __bss_end__ = _ebss

._user_heap_stack
                0x200000b4      0x604 load address 0x080012d4
                0x200000b8                        . = ALIGN (0x8)
 *fill*         0x200000b4        0x4 
                [!provide]                        PROVIDE (end = .)
                0x200000b8                        PROVIDE (_end = .)
                0x200002b8                        . = (. + _Min_Heap_Size)
 *fill*         0x200000b8      0x200 
                0x200006b8                        . = (. + _Min_Stack_Size)
 *fill*         0x200002b8      0x400 
                0x200006b8                        . = ALIGN (0x8)

/DISCARD/
 libc.a(*)
 libm.a(*)
 libgcc.a(*)

.ARM.attributes
                0x00000000       0x29
 *(.ARM.attributes)
 .ARM.attributes
                0x00000000       0x1d C:/ST/STM32CubeIDE_1.4.0/STM32CubeIDE/plugins/com.st.stm32cube.ide.mcu.externaltools.gnu-tools-for-stm32.13.3.rel1.win32_1.0.0.202411081344/tools/bin/../lib/gcc/arm-none-eabi/13.3.1/thumb/v7-m/nofp/crti.o
 .ARM.attributes
                0x0000001d       0x2d C:/ST/STM32CubeIDE_1.4.0/STM32CubeIDE/plugins/com.st.stm32cube.ide.mcu.externaltools.gnu-tools-for-stm32.13.3.rel1.win32_1.0.0.202411081344/tools/bin/../lib/gcc/arm-none-eabi/13.3.1/thumb/v7-m/nofp/crtbegin.o
 .ARM.attributes
                0x0000004a       0x2d ./STM32_F103C6_Drivers/I2C_Slave_EEPROM.o
 .ARM.attributes
                0x00000077       0x2d ./STM32_F103C6_Drivers/Stm32_F103C6_EXTI_driver.o
 .ARM.attributes
                0x000000a4       0x2d ./STM32_F103C6_Drivers/Stm32_F103C6_I2C_driver.o
 .ARM.attributes
                0x000000d1       0x2d ./STM32_F103C6_Drivers/Stm32_F103C6_RCC_driver.o
 .ARM.attributes
                0x000000fe       0x2d ./STM32_F103C6_Drivers/Stm32_F103C6_SPI_driver.o
 .ARM.attributes
                0x0000012b       0x2d ./STM32_F103C6_Drivers/Stm32_F103C6_USART_driver.o
 .ARM.attributes
                0x00000158       0x2d ./STM32_F103C6_Drivers/Stm32_F103C6_gpio_driver.o
 .ARM.attributes
                0x00000185       0x2d ./Src/main.o
 .ARM.attributes
                0x000001b2       0x21 ./Startup/startup_stm32f103c6tx.o
 .ARM.attributes
                0x000001d3       0x2d C:/ST/STM32CubeIDE_1.4.0/STM32CubeIDE/plugins/com.st.stm32cube.ide.mcu.externaltools.gnu-tools-for-stm32.13.3.rel1.win32_1.0.0.202411081344/tools/bin/../lib/gcc/arm-none-eabi/13.3.1/../../../../arm-none-eabi/lib/thumb/v7-m/nofp\libc_nano.a(libc_a-init.o)
 .ARM.attributes
                0x00000200       0x1d C:/ST/STM32CubeIDE_1.4.0/STM32CubeIDE/plugins/com.st.stm32cube.ide.mcu.externaltools.gnu-tools-for-stm32.13.3.rel1.win32_1.0.0.202411081344/tools/bin/../lib/gcc/arm-none-eabi/13.3.1/thumb/v7-m/nofp/crtn.o
OUTPUT(I2C_Driver_STM32.elf elf32-littlearm)
LOAD linker stubs
LOAD C:/ST/STM32CubeIDE_1.4.0/STM32CubeIDE/plugins/com.st.stm32cube.ide.mcu.externaltools.gnu-tools-for-stm32.13.3.rel1.win32_1.0.0.202411081344/tools/bin/../lib/gcc/arm-none-eabi/13.3.1/../../../../arm-none-eabi/lib/thumb/v7-m/nofp\libc.a
LOAD C:/ST/STM32CubeIDE_1.4.0/STM32CubeIDE/plugins/com.st.stm32cube.ide.mcu.externaltools.gnu-tools-for-stm32.13.3.rel1.win32_1.0.0.202411081344/tools/bin/../lib/gcc/arm-none-eabi/13.3.1/../../../../arm-none-eabi/lib/thumb/v7-m/nofp\libm.a
LOAD C:/ST/STM32CubeIDE_1.4.0/STM32CubeIDE/plugins/com.st.stm32cube.ide.mcu.externaltools.gnu-tools-for-stm32.13.3.rel1.win32_1.0.0.202411081344/tools/bin/../lib/gcc/arm-none-eabi/13.3.1/thumb/v7-m/nofp\libgcc.a

.debug_info     0x00000000     0x2a69
 .debug_info    0x00000000      0x480 ./STM32_F103C6_Drivers/I2C_Slave_EEPROM.o
 .debug_info    0x00000480      0x52e ./STM32_F103C6_Drivers/Stm32_F103C6_EXTI_driver.o
 .debug_info    0x000009ae      0xabc ./STM32_F103C6_Drivers/Stm32_F103C6_I2C_driver.o
 .debug_info    0x0000146a      0x241 ./STM32_F103C6_Drivers/Stm32_F103C6_RCC_driver.o
 .debug_info    0x000016ab      0x6c2 ./STM32_F103C6_Drivers/Stm32_F103C6_SPI_driver.o
 .debug_info    0x00001d6d      0x5da ./STM32_F103C6_Drivers/Stm32_F103C6_USART_driver.o
 .debug_info    0x00002347      0x4a0 ./STM32_F103C6_Drivers/Stm32_F103C6_gpio_driver.o
 .debug_info    0x000027e7      0x252 ./Src/main.o
 .debug_info    0x00002a39       0x30 ./Startup/startup_stm32f103c6tx.o

.debug_abbrev   0x00000000      0xbbc
 .debug_abbrev  0x00000000      0x14e ./STM32_F103C6_Drivers/I2C_Slave_EEPROM.o
 .debug_abbrev  0x0000014e      0x185 ./STM32_F103C6_Drivers/Stm32_F103C6_EXTI_driver.o
 .debug_abbrev  0x000002d3      0x257 ./STM32_F103C6_Drivers/Stm32_F103C6_I2C_driver.o
 .debug_abbrev  0x0000052a       0xda ./STM32_F103C6_Drivers/Stm32_F103C6_RCC_driver.o
 .debug_abbrev  0x00000604      0x1c3 ./STM32_F103C6_Drivers/Stm32_F103C6_SPI_driver.o
 .debug_abbrev  0x000007c7      0x198 ./STM32_F103C6_Drivers/Stm32_F103C6_USART_driver.o
 .debug_abbrev  0x0000095f      0x124 ./STM32_F103C6_Drivers/Stm32_F103C6_gpio_driver.o
 .debug_abbrev  0x00000a83      0x11c ./Src/main.o
 .debug_abbrev  0x00000b9f       0x1d ./Startup/startup_stm32f103c6tx.o

.debug_loc      0x00000000     0x12e6
 .debug_loc     0x00000000       0xf2 ./STM32_F103C6_Drivers/I2C_Slave_EEPROM.o
 .debug_loc     0x000000f2      0x320 ./STM32_F103C6_Drivers/Stm32_F103C6_EXTI_driver.o
 .debug_loc     0x00000412      0x4f8 ./STM32_F103C6_Drivers/Stm32_F103C6_I2C_driver.o
 .debug_loc     0x0000090a       0xc8 ./STM32_F103C6_Drivers/Stm32_F103C6_RCC_driver.o
 .debug_loc     0x000009d2      0x2bc ./STM32_F103C6_Drivers/Stm32_F103C6_SPI_driver.o
 .debug_loc     0x00000c8e      0x294 ./STM32_F103C6_Drivers/Stm32_F103C6_USART_driver.o
 .debug_loc     0x00000f22      0x330 ./STM32_F103C6_Drivers/Stm32_F103C6_gpio_driver.o
 .debug_loc     0x00001252       0x94 ./Src/main.o

.debug_aranges  0x00000000      0x2e0
 .debug_aranges
                0x00000000       0x30 ./STM32_F103C6_Drivers/I2C_Slave_EEPROM.o
 .debug_aranges
                0x00000030       0x80 ./STM32_F103C6_Drivers/Stm32_F103C6_EXTI_driver.o
 .debug_aranges
                0x000000b0       0x90 ./STM32_F103C6_Drivers/Stm32_F103C6_I2C_driver.o
 .debug_aranges
                0x00000140       0x38 ./STM32_F103C6_Drivers/Stm32_F103C6_RCC_driver.o
 .debug_aranges
                0x00000178       0x58 ./STM32_F103C6_Drivers/Stm32_F103C6_SPI_driver.o
 .debug_aranges
                0x000001d0       0x60 ./STM32_F103C6_Drivers/Stm32_F103C6_USART_driver.o
 .debug_aranges
                0x00000230       0x60 ./STM32_F103C6_Drivers/Stm32_F103C6_gpio_driver.o
 .debug_aranges
                0x00000290       0x28 ./Src/main.o
 .debug_aranges
                0x000002b8       0x28 ./Startup/startup_stm32f103c6tx.o

.debug_ranges   0x00000000      0x258
 .debug_ranges  0x00000000       0x20 ./STM32_F103C6_Drivers/I2C_Slave_EEPROM.o
 .debug_ranges  0x00000020       0x70 ./STM32_F103C6_Drivers/Stm32_F103C6_EXTI_driver.o
 .debug_ranges  0x00000090       0x80 ./STM32_F103C6_Drivers/Stm32_F103C6_I2C_driver.o
 .debug_ranges  0x00000110       0x28 ./STM32_F103C6_Drivers/Stm32_F103C6_RCC_driver.o
 .debug_ranges  0x00000138       0x48 ./STM32_F103C6_Drivers/Stm32_F103C6_SPI_driver.o
 .debug_ranges  0x00000180       0x50 ./STM32_F103C6_Drivers/Stm32_F103C6_USART_driver.o
 .debug_ranges  0x000001d0       0x50 ./STM32_F103C6_Drivers/Stm32_F103C6_gpio_driver.o
 .debug_ranges  0x00000220       0x18 ./Src/main.o
 .debug_ranges  0x00000238       0x20 ./Startup/startup_stm32f103c6tx.o

.debug_macro    0x00000000     0x39a6
 .debug_macro   0x00000000      0x184 ./STM32_F103C6_Drivers/I2C_Slave_EEPROM.o
 .debug_macro   0x00000184      0xad2 ./STM32_F103C6_Drivers/I2C_Slave_EEPROM.o
 .debug_macro   0x00000c56       0x22 ./STM32_F103C6_Drivers/I2C_Slave_EEPROM.o
 .debug_macro   0x00000c78       0x5b ./STM32_F103C6_Drivers/I2C_Slave_EEPROM.o
 .debug_macro   0x00000cd3       0x24 ./STM32_F103C6_Drivers/I2C_Slave_EEPROM.o
 .debug_macro   0x00000cf7       0x94 ./STM32_F103C6_Drivers/I2C_Slave_EEPROM.o
 .debug_macro   0x00000d8b       0x43 ./STM32_F103C6_Drivers/I2C_Slave_EEPROM.o
 .debug_macro   0x00000dce       0x34 ./STM32_F103C6_Drivers/I2C_Slave_EEPROM.o
 .debug_macro   0x00000e02       0x16 ./STM32_F103C6_Drivers/I2C_Slave_EEPROM.o
 .debug_macro   0x00000e18       0x57 ./STM32_F103C6_Drivers/I2C_Slave_EEPROM.o
 .debug_macro   0x00000e6f       0x9e ./STM32_F103C6_Drivers/I2C_Slave_EEPROM.o
 .debug_macro   0x00000f0d      0x370 ./STM32_F103C6_Drivers/I2C_Slave_EEPROM.o
 .debug_macro   0x0000127d      0x112 ./STM32_F103C6_Drivers/I2C_Slave_EEPROM.o
 .debug_macro   0x0000138f       0x10 ./STM32_F103C6_Drivers/I2C_Slave_EEPROM.o
 .debug_macro   0x0000139f       0x16 ./STM32_F103C6_Drivers/I2C_Slave_EEPROM.o
 .debug_macro   0x000013b5       0x4a ./STM32_F103C6_Drivers/I2C_Slave_EEPROM.o
 .debug_macro   0x000013ff       0x34 ./STM32_F103C6_Drivers/I2C_Slave_EEPROM.o
 .debug_macro   0x00001433       0x10 ./STM32_F103C6_Drivers/I2C_Slave_EEPROM.o
 .debug_macro   0x00001443       0x58 ./STM32_F103C6_Drivers/I2C_Slave_EEPROM.o
 .debug_macro   0x0000149b       0x8e ./STM32_F103C6_Drivers/I2C_Slave_EEPROM.o
 .debug_macro   0x00001529       0x1c ./STM32_F103C6_Drivers/I2C_Slave_EEPROM.o
 .debug_macro   0x00001545      0x185 ./STM32_F103C6_Drivers/I2C_Slave_EEPROM.o
 .debug_macro   0x000016ca       0x16 ./STM32_F103C6_Drivers/I2C_Slave_EEPROM.o
 .debug_macro   0x000016e0       0x16 ./STM32_F103C6_Drivers/I2C_Slave_EEPROM.o
 .debug_macro   0x000016f6      0x146 ./STM32_F103C6_Drivers/I2C_Slave_EEPROM.o
 .debug_macro   0x0000183c      0x103 ./STM32_F103C6_Drivers/I2C_Slave_EEPROM.o
 .debug_macro   0x0000193f       0x6a ./STM32_F103C6_Drivers/I2C_Slave_EEPROM.o
 .debug_macro   0x000019a9      0x1df ./STM32_F103C6_Drivers/I2C_Slave_EEPROM.o
 .debug_macro   0x00001b88      0x6c0 ./STM32_F103C6_Drivers/I2C_Slave_EEPROM.o
 .debug_macro   0x00002248       0xca ./STM32_F103C6_Drivers/I2C_Slave_EEPROM.o
 .debug_macro   0x00002312       0x16 ./STM32_F103C6_Drivers/I2C_Slave_EEPROM.o
 .debug_macro   0x00002328       0x66 ./STM32_F103C6_Drivers/I2C_Slave_EEPROM.o
 .debug_macro   0x0000238e      0x175 ./STM32_F103C6_Drivers/Stm32_F103C6_EXTI_driver.o
 .debug_macro   0x00002503      0x20f ./STM32_F103C6_Drivers/Stm32_F103C6_EXTI_driver.o
 .debug_macro   0x00002712      0x180 ./STM32_F103C6_Drivers/Stm32_F103C6_I2C_driver.o
 .debug_macro   0x00002892      0x165 ./STM32_F103C6_Drivers/Stm32_F103C6_RCC_driver.o
 .debug_macro   0x000029f7      0x183 ./STM32_F103C6_Drivers/Stm32_F103C6_SPI_driver.o
 .debug_macro   0x00002b7a       0xbe ./STM32_F103C6_Drivers/Stm32_F103C6_SPI_driver.o
 .debug_macro   0x00002c38      0x174 ./STM32_F103C6_Drivers/Stm32_F103C6_USART_driver.o
 .debug_macro   0x00002dac       0xe2 ./STM32_F103C6_Drivers/Stm32_F103C6_USART_driver.o
 .debug_macro   0x00002e8e      0x158 ./STM32_F103C6_Drivers/Stm32_F103C6_gpio_driver.o
 .debug_macro   0x00002fe6      0x6c0 ./STM32_F103C6_Drivers/Stm32_F103C6_gpio_driver.o
 .debug_macro   0x000036a6      0x1c0 ./Src/main.o
 .debug_macro   0x00003866       0x8e ./Src/main.o
 .debug_macro   0x000038f4       0x51 ./Src/main.o
 .debug_macro   0x00003945       0x61 ./Src/main.o

.debug_line     0x00000000     0x494b
 .debug_line    0x00000000      0x732 ./STM32_F103C6_Drivers/I2C_Slave_EEPROM.o
 .debug_line    0x00000732      0xad5 ./STM32_F103C6_Drivers/Stm32_F103C6_EXTI_driver.o
 .debug_line    0x00001207      0xbba ./STM32_F103C6_Drivers/Stm32_F103C6_I2C_driver.o
 .debug_line    0x00001dc1      0x728 ./STM32_F103C6_Drivers/Stm32_F103C6_RCC_driver.o
 .debug_line    0x000024e9      0x9e2 ./STM32_F103C6_Drivers/Stm32_F103C6_SPI_driver.o
 .debug_line    0x00002ecb      0xa8d ./STM32_F103C6_Drivers/Stm32_F103C6_USART_driver.o
 .debug_line    0x00003958      0x880 ./STM32_F103C6_Drivers/Stm32_F103C6_gpio_driver.o
 .debug_line    0x000041d8      0x6f2 ./Src/main.o
 .debug_line    0x000048ca       0x81 ./Startup/startup_stm32f103c6tx.o

.debug_str      0x00000000     0xca84
 .debug_str     0x00000000     0xca84 ./STM32_F103C6_Drivers/I2C_Slave_EEPROM.o
                               0xa3d4 (size before relaxing)
 .debug_str     0x0000ca84     0xb3b2 ./STM32_F103C6_Drivers/Stm32_F103C6_EXTI_driver.o
 .debug_str     0x0000ca84     0xa660 ./STM32_F103C6_Drivers/Stm32_F103C6_I2C_driver.o
 .debug_str     0x0000ca84     0x9fca ./STM32_F103C6_Drivers/Stm32_F103C6_RCC_driver.o
 .debug_str     0x0000ca84     0xa670 ./STM32_F103C6_Drivers/Stm32_F103C6_SPI_driver.o
 .debug_str     0x0000ca84     0xa7dc ./STM32_F103C6_Drivers/Stm32_F103C6_USART_driver.o
 .debug_str     0x0000ca84     0xa03f ./STM32_F103C6_Drivers/Stm32_F103C6_gpio_driver.o
 .debug_str     0x0000ca84     0xba37 ./Src/main.o
 .debug_str     0x0000ca84       0xb8 ./Startup/startup_stm32f103c6tx.o

.comment        0x00000000       0x43
 .comment       0x00000000       0x43 ./STM32_F103C6_Drivers/I2C_Slave_EEPROM.o
                                 0x44 (size before relaxing)
 .comment       0x00000043       0x44 ./STM32_F103C6_Drivers/Stm32_F103C6_EXTI_driver.o
 .comment       0x00000043       0x44 ./STM32_F103C6_Drivers/Stm32_F103C6_I2C_driver.o
 .comment       0x00000043       0x44 ./STM32_F103C6_Drivers/Stm32_F103C6_RCC_driver.o
 .comment       0x00000043       0x44 ./STM32_F103C6_Drivers/Stm32_F103C6_SPI_driver.o
 .comment       0x00000043       0x44 ./STM32_F103C6_Drivers/Stm32_F103C6_USART_driver.o
 .comment       0x00000043       0x44 ./STM32_F103C6_Drivers/Stm32_F103C6_gpio_driver.o
 .comment       0x00000043       0x44 ./Src/main.o

.debug_frame    0x00000000      0x98c
 .debug_frame   0x00000000       0x80 ./STM32_F103C6_Drivers/I2C_Slave_EEPROM.o
 .debug_frame   0x00000080      0x1b0 ./STM32_F103C6_Drivers/Stm32_F103C6_EXTI_driver.o
 .debug_frame   0x00000230      0x248 ./STM32_F103C6_Drivers/Stm32_F103C6_I2C_driver.o
 .debug_frame   0x00000478       0x84 ./STM32_F103C6_Drivers/Stm32_F103C6_RCC_driver.o
 .debug_frame   0x000004fc      0x148 ./STM32_F103C6_Drivers/Stm32_F103C6_SPI_driver.o
 .debug_frame   0x00000644      0x14c ./STM32_F103C6_Drivers/Stm32_F103C6_USART_driver.o
 .debug_frame   0x00000790      0x178 ./STM32_F103C6_Drivers/Stm32_F103C6_gpio_driver.o
 .debug_frame   0x00000908       0x58 ./Src/main.o
 .debug_frame   0x00000960       0x2c C:/ST/STM32CubeIDE_1.4.0/STM32CubeIDE/plugins/com.st.stm32cube.ide.mcu.externaltools.gnu-tools-for-stm32.13.3.rel1.win32_1.0.0.202411081344/tools/bin/../lib/gcc/arm-none-eabi/13.3.1/../../../../arm-none-eabi/lib/thumb/v7-m/nofp\libc_nano.a(libc_a-init.o)
