../Stm32_F103C6_Drivers/LCD_Driver/lcd.c:3:6:delay_ms	24	static
../Stm32_F103C6_Drivers/LCD_Driver/lcd.c:9:6:LCD_GPIO_init	16	static
../Stm32_F103C6_Drivers/LCD_Driver/lcd.c:37:6:LCD_lcd_kick	8	static
../Stm32_F103C6_Drivers/LCD_Driver/lcd.c:45:6:LCD_INIT	8	static
../Stm32_F103C6_Drivers/LCD_Driver/lcd.c:58:6:LCD_clear_screen	8	static
../Stm32_F103C6_Drivers/LCD_Driver/lcd.c:64:6:LCD_WRITE_COMMAND	16	static
../Stm32_F103C6_Drivers/LCD_Driver/lcd.c:73:6:LCD_WRITE_CHAR	16	static
../Stm32_F103C6_Drivers/LCD_Driver/lcd.c:82:6:LCD_WRITE_STRING	16	static
../Stm32_F103C6_Drivers/LCD_Driver/lcd.c:90:6:LCD_GOTO_XY	16	static
