
Memory Configuration

Name             Origin             Length             Attributes
flash            0x08000000         0x00020000         xr
sram             0x20000000         0x00005000         xrw
*default*        0x00000000         0xffffffff

Linker script and memory map


.text           0x08000000      0x19c
 *(.vectors*)
 .vectors       0x08000000       0x50 startup.o
 *(.text*)
 .text          0x08000050       0x4e main.o
                0x08000050                main
 .text          0x0800009e       0x1c Alarm.o
                0x0800009e                Alarm_turn_ON
                0x080000ac                Alarm_turn_OFF
 .text          0x080000ba       0x16 P_Sensor.o
                0x080000ba                read_p_sensor
 .text          0x080000d0       0xc4 driver.o
                0x080000d0                Delay
                0x080000f2                getPressureVal
                0x08000108                Set_Alarm_actuator
                0x08000144                GPIO_INITIALIZATION
 .text          0x08000194        0x8 startup.o
 *(rodata*)

.glue_7         0x0800019c        0x0
 .glue_7        0x0800019c        0x0 linker stubs

.glue_7t        0x0800019c        0x0
 .glue_7t       0x0800019c        0x0 linker stubs

.vfp11_veneer   0x0800019c        0x0
 .vfp11_veneer  0x0800019c        0x0 linker stubs

.v4_bx          0x0800019c        0x0
 .v4_bx         0x0800019c        0x0 linker stubs

.iplt           0x0800019c        0x0
 .iplt          0x0800019c        0x0 main.o

.rel.dyn        0x0800019c        0x0
 .rel.iplt      0x0800019c        0x0 main.o

.data           0x20000000        0x0 load address 0x0800019c
 *(.data*)
 .data          0x20000000        0x0 main.o
 .data          0x20000000        0x0 Alarm.o
 .data          0x20000000        0x0 P_Sensor.o
 .data          0x20000000        0x0 driver.o
 .data          0x20000000        0x0 startup.o

.igot.plt       0x20000000        0x0 load address 0x0800019c
 .igot.plt      0x20000000        0x0 main.o

.bss            0x20000000        0x0 load address 0x0800019c
 *(.bss*)
 .bss           0x20000000        0x0 main.o
 .bss           0x20000000        0x0 Alarm.o
 .bss           0x20000000        0x0 P_Sensor.o
 .bss           0x20000000        0x0 driver.o
 .bss           0x20000000        0x0 startup.o
LOAD main.o
LOAD Alarm.o
LOAD P_Sensor.o
LOAD driver.o
LOAD startup.o
OUTPUT(Pressure_Controller.elf elf32-littlearm)
LOAD linker stubs

.debug_info     0x00000000      0x336
 .debug_info    0x00000000       0xb4 main.o
 .debug_info    0x000000b4       0xa6 Alarm.o
 .debug_info    0x0000015a       0xa4 P_Sensor.o
 .debug_info    0x000001fe      0x112 driver.o
 .debug_info    0x00000310       0x26 startup.o

.debug_abbrev   0x00000000      0x1c8
 .debug_abbrev  0x00000000       0x5a main.o
 .debug_abbrev  0x0000005a       0x42 Alarm.o
 .debug_abbrev  0x0000009c       0x55 P_Sensor.o
 .debug_abbrev  0x000000f1       0xc3 driver.o
 .debug_abbrev  0x000001b4       0x14 startup.o

.debug_loc      0x00000000      0x220
 .debug_loc     0x00000000       0x38 main.o
 .debug_loc     0x00000038       0x58 Alarm.o
 .debug_loc     0x00000090       0x50 P_Sensor.o
 .debug_loc     0x000000e0      0x140 driver.o

.debug_aranges  0x00000000       0xa0
 .debug_aranges
                0x00000000       0x20 main.o
 .debug_aranges
                0x00000020       0x20 Alarm.o
 .debug_aranges
                0x00000040       0x20 P_Sensor.o
 .debug_aranges
                0x00000060       0x20 driver.o
 .debug_aranges
                0x00000080       0x20 startup.o

.debug_line     0x00000000      0x272
 .debug_line    0x00000000       0x5f main.o
 .debug_line    0x0000005f       0x46 Alarm.o
 .debug_line    0x000000a5       0x43 P_Sensor.o
 .debug_line    0x000000e8      0x14f driver.o
 .debug_line    0x00000237       0x3b startup.o

.debug_str      0x00000000      0x1e1
 .debug_str     0x00000000      0x134 main.o
                                0x16d (size before relaxing)
 .debug_str     0x00000134       0x25 Alarm.o
                                0x176 (size before relaxing)
 .debug_str     0x00000159       0x19 P_Sensor.o
                                0x170 (size before relaxing)
 .debug_str     0x00000172       0x57 driver.o
                                0x1b1 (size before relaxing)
 .debug_str     0x000001c9       0x18 startup.o
                                 0x6d (size before relaxing)

.comment        0x00000000       0x49
 .comment       0x00000000       0x49 main.o
                                 0x4a (size before relaxing)
 .comment       0x00000049       0x4a Alarm.o
 .comment       0x00000049       0x4a P_Sensor.o
 .comment       0x00000049       0x4a driver.o

.ARM.attributes
                0x00000000       0x2b
 .ARM.attributes
                0x00000000       0x2d main.o
 .ARM.attributes
                0x0000002d       0x2d Alarm.o
 .ARM.attributes
                0x0000005a       0x2d P_Sensor.o
 .ARM.attributes
                0x00000087       0x2d driver.o
 .ARM.attributes
                0x000000b4       0x21 startup.o

.debug_frame    0x00000000      0x14c
 .debug_frame   0x00000000       0x30 main.o
 .debug_frame   0x00000030       0x48 Alarm.o
 .debug_frame   0x00000078       0x34 P_Sensor.o
 .debug_frame   0x000000ac       0xa0 driver.o
