../Stm32_F103C6_Drivers/Stm32_F103C6_USART_driver.c:28:6:MCAL_UART_Init	24	static
../Stm32_F103C6_Drivers/Stm32_F103C6_USART_driver.c:97:6:MCAL_UART_DeInit	16	static
../Stm32_F103C6_Drivers/Stm32_F103C6_USART_driver.c:128:6:MCAL_UART_SendData	24	static
../Stm32_F103C6_Drivers/Stm32_F103C6_USART_driver.c:158:6:MCAL_UART_WAIT_TC	16	static
../Stm32_F103C6_Drivers/Stm32_F103C6_USART_driver.c:166:6:MCAL_UART_ReceiveData	24	static
../Stm32_F103C6_Drivers/Stm32_F103C6_USART_driver.c:255:6:MCAL_UART_GPIO_Set_Pins	24	static
../Stm32_F103C6_Drivers/Stm32_F103C6_USART_driver.c:374:6:USART1_IRQHandler	8	static
../Stm32_F103C6_Drivers/Stm32_F103C6_USART_driver.c:383:6:USART2_IRQHandler	8	static
../Stm32_F103C6_Drivers/Stm32_F103C6_USART_driver.c:392:6:USART3_IRQHandler	8	static
